WARNING: Position senator of Ireland (Q18043391) not in boundary associated_wikidata_positions
WARNING: the district Industrial and Commercial Panel (Q17087286) wasn't found in the boundary data for position senator of Ireland (Q18043391)
WARNING: the district University of Dublin (Q7895348) wasn't found in the boundary data for position senator of Ireland (Q18043391)
WARNING: the district Agricultural Panel (Q4693912) wasn't found in the boundary data for position senator of Ireland (Q18043391)
WARNING: the district Administrative Panel (Q4683477) wasn't found in the boundary data for position senator of Ireland (Q18043391)
WARNING: the district Labour Panel (Q6467443) wasn't found in the boundary data for position senator of Ireland (Q18043391)
WARNING: the district Nominated members of Seanad Éireann (Q7048605) wasn't found in the boundary data for position senator of Ireland (Q18043391)
WARNING: the district Agricultural Panel (Q4693912) wasn't found in the boundary data for position senator of Ireland (Q18043391)
WARNING: the district Nominated members of Seanad Éireann (Q7048605) wasn't found in the boundary data for position senator of Ireland (Q18043391)
WARNING: the district Agricultural Panel (Q4693912) wasn't found in the boundary data for position senator of Ireland (Q18043391)
WARNING: the district Cultural and Educational Panel (Q5193254) wasn't found in the boundary data for position senator of Ireland (Q18043391)
WARNING: the district Labour Panel (Q6467443) wasn't found in the boundary data for position senator of Ireland (Q18043391)
WARNING: the district Administrative Panel (Q4683477) wasn't found in the boundary data for position senator of Ireland (Q18043391)
WARNING: the district National University of Ireland (Q6979248) wasn't found in the boundary data for position senator of Ireland (Q18043391)
WARNING: the district University of Dublin (Q7895348) wasn't found in the boundary data for position senator of Ireland (Q18043391)
WARNING: the district National University of Ireland (Q6979248) wasn't found in the boundary data for position senator of Ireland (Q18043391)
WARNING: the district Cultural and Educational Panel (Q5193254) wasn't found in the boundary data for position senator of Ireland (Q18043391)
WARNING: the district Agricultural Panel (Q4693912) wasn't found in the boundary data for position senator of Ireland (Q18043391)
WARNING: the district Labour Panel (Q6467443) wasn't found in the boundary data for position senator of Ireland (Q18043391)
WARNING: the district Labour Panel (Q6467443) wasn't found in the boundary data for position senator of Ireland (Q18043391)
WARNING: the district Industrial and Commercial Panel (Q17087286) wasn't found in the boundary data for position senator of Ireland (Q18043391)
WARNING: the district Industrial and Commercial Panel (Q17087286) wasn't found in the boundary data for position senator of Ireland (Q18043391)
WARNING: the district Administrative Panel (Q4683477) wasn't found in the boundary data for position senator of Ireland (Q18043391)
WARNING: the district Labour Panel (Q6467443) wasn't found in the boundary data for position senator of Ireland (Q18043391)
WARNING: the district Agricultural Panel (Q4693912) wasn't found in the boundary data for position senator of Ireland (Q18043391)
WARNING: the district Agricultural Panel (Q4693912) wasn't found in the boundary data for position senator of Ireland (Q18043391)
WARNING: the district Agricultural Panel (Q4693912) wasn't found in the boundary data for position senator of Ireland (Q18043391)
WARNING: the district Cultural and Educational Panel (Q5193254) wasn't found in the boundary data for position senator of Ireland (Q18043391)
WARNING: the district Labour Panel (Q6467443) wasn't found in the boundary data for position senator of Ireland (Q18043391)
WARNING: the district Labour Panel (Q6467443) wasn't found in the boundary data for position senator of Ireland (Q18043391)
WARNING: the district Cultural and Educational Panel (Q5193254) wasn't found in the boundary data for position senator of Ireland (Q18043391)
WARNING: the district Labour Panel (Q6467443) wasn't found in the boundary data for position senator of Ireland (Q18043391)
WARNING: the district Industrial and Commercial Panel (Q17087286) wasn't found in the boundary data for position senator of Ireland (Q18043391)
WARNING: the district Nominated members of Seanad Éireann (Q7048605) wasn't found in the boundary data for position senator of Ireland (Q18043391)
WARNING: the district Nominated members of Seanad Éireann (Q7048605) wasn't found in the boundary data for position senator of Ireland (Q18043391)
WARNING: the district Nominated members of Seanad Éireann (Q7048605) wasn't found in the boundary data for position senator of Ireland (Q18043391)
WARNING: the district Agricultural Panel (Q4693912) wasn't found in the boundary data for position senator of Ireland (Q18043391)
WARNING: the district Administrative Panel (Q4683477) wasn't found in the boundary data for position senator of Ireland (Q18043391)
WARNING: the district Nominated members of Seanad Éireann (Q7048605) wasn't found in the boundary data for position senator of Ireland (Q18043391)
WARNING: the district Industrial and Commercial Panel (Q17087286) wasn't found in the boundary data for position senator of Ireland (Q18043391)
WARNING: the district Administrative Panel (Q4683477) wasn't found in the boundary data for position senator of Ireland (Q18043391)
WARNING: the district Industrial and Commercial Panel (Q17087286) wasn't found in the boundary data for position senator of Ireland (Q18043391)
WARNING: the district Industrial and Commercial Panel (Q17087286) wasn't found in the boundary data for position senator of Ireland (Q18043391)
WARNING: the district Agricultural Panel (Q4693912) wasn't found in the boundary data for position senator of Ireland (Q18043391)
WARNING: the district Labour Panel (Q6467443) wasn't found in the boundary data for position senator of Ireland (Q18043391)
WARNING: the district University of Dublin (Q7895348) wasn't found in the boundary data for position senator of Ireland (Q18043391)
WARNING: the district Labour Panel (Q6467443) wasn't found in the boundary data for position senator of Ireland (Q18043391)
WARNING: the district Labour Panel (Q6467443) wasn't found in the boundary data for position senator of Ireland (Q18043391)
WARNING: the district Nominated members of Seanad Éireann (Q7048605) wasn't found in the boundary data for position senator of Ireland (Q18043391)
WARNING: the district Administrative Panel (Q4683477) wasn't found in the boundary data for position senator of Ireland (Q18043391)
WARNING: the district Cultural and Educational Panel (Q5193254) wasn't found in the boundary data for position senator of Ireland (Q18043391)
WARNING: the district Nominated members of Seanad Éireann (Q7048605) wasn't found in the boundary data for position senator of Ireland (Q18043391)
WARNING: the district Administrative Panel (Q4683477) wasn't found in the boundary data for position senator of Ireland (Q18043391)
WARNING: the district Nominated members of Seanad Éireann (Q7048605) wasn't found in the boundary data for position senator of Ireland (Q18043391)
WARNING: the district Nominated members of Seanad Éireann (Q7048605) wasn't found in the boundary data for position senator of Ireland (Q18043391)
WARNING: the district Industrial and Commercial Panel (Q17087286) wasn't found in the boundary data for position senator of Ireland (Q18043391)
WARNING: the district Industrial and Commercial Panel (Q17087286) wasn't found in the boundary data for position senator of Ireland (Q18043391)
WARNING: the district Nominated members of Seanad Éireann (Q7048605) wasn't found in the boundary data for position senator of Ireland (Q18043391)
WARNING: the district National University of Ireland (Q6979248) wasn't found in the boundary data for position senator of Ireland (Q18043391)
WARNING: the district Agricultural Panel (Q4693912) wasn't found in the boundary data for position senator of Ireland (Q18043391)
WARNING: the district Agricultural Panel (Q4693912) wasn't found in the boundary data for position senator of Ireland (Q18043391)
